// Jest Snapshot v1, https://goo.gl/fbAQLP

exports[`<GradientBackground/> should render a <GradientBackground /> with children 1`] = `
<View
  style={
    Object {
      "flex": 1,
    }
  }
>
  <ViewManagerAdapter_ExpoLinearGradient
    proxiedProperties={
      Object {
        "colors": Array [
          4278218401,
          4291767083,
        ],
        "endPoint": undefined,
        "locations": undefined,
        "startPoint": undefined,
      }
    }
    style={
      Object {
        "bottom": 0,
        "left": 0,
        "position": "absolute",
        "right": 0,
        "top": 0,
      }
    }
  />
  <View>
    <Text>
      Hello
    </Text>
  </View>
</View>
`;
